------------------------------------------------------------
Server listening on UDP port 9999
UDP buffer size:  208 KByte (default)
------------------------------------------------------------
[  1] local 10.0.0.254 port 9999 connected with 10.0.0.1 port 42215
[ ID] Interval       Transfer     Bandwidth        Jitter   Lost/Total Datagrams
[  1] 0.0000-1.0000 sec  27.3 KBytes   223 Kbits/sec   0.086 ms 0/19 (0%)
[  1] 1.0000-2.0000 sec  24.4 KBytes   200 Kbits/sec   0.046 ms 0/17 (0%)
[  1] 2.0000-3.0000 sec  24.4 KBytes   200 Kbits/sec   0.032 ms 0/17 (0%)
[  1] 3.0000-4.0000 sec  24.4 KBytes   200 Kbits/sec   0.027 ms 0/17 (0%)
[  1] 4.0000-5.0000 sec  24.4 KBytes   200 Kbits/sec   0.027 ms 0/17 (0%)
[  1] 5.0000-6.0000 sec  24.4 KBytes   200 Kbits/sec   0.022 ms 0/17 (0%)
[  1] 6.0000-7.0000 sec  24.4 KBytes   200 Kbits/sec   0.022 ms 0/17 (0%)
[  1] 7.0000-8.0000 sec  24.4 KBytes   200 Kbits/sec   0.033 ms 0/17 (0%)
[  1] 8.0000-9.0000 sec  24.4 KBytes   200 Kbits/sec   0.040 ms 0/17 (0%)
[  1] 9.0000-10.0000 sec  24.4 KBytes   200 Kbits/sec   0.026 ms 0/17 (0%)
[  1] 10.0000-11.0000 sec  24.4 KBytes   200 Kbits/sec   0.030 ms 0/17 (0%)
[  1] 11.0000-12.0000 sec  24.4 KBytes   200 Kbits/sec   0.030 ms 0/17 (0%)
[  1] 12.0000-13.0000 sec  24.4 KBytes   200 Kbits/sec   0.027 ms 0/17 (0%)
[  1] 13.0000-14.0000 sec  24.4 KBytes   200 Kbits/sec   0.031 ms 0/17 (0%)
[  1] 14.0000-15.0000 sec  24.4 KBytes   200 Kbits/sec   0.026 ms 0/17 (0%)
[  1] 15.0000-16.0000 sec  24.4 KBytes   200 Kbits/sec   0.023 ms 0/17 (0%)
[  1] 16.0000-17.0000 sec  24.4 KBytes   200 Kbits/sec   0.023 ms 0/17 (0%)
[  1] 17.0000-18.0000 sec  24.4 KBytes   200 Kbits/sec   0.025 ms 0/17 (0%)
[  1] 18.0000-19.0000 sec  24.4 KBytes   200 Kbits/sec   0.018 ms 0/17 (0%)
[  1] 19.0000-20.0000 sec  24.4 KBytes   200 Kbits/sec   0.019 ms 0/17 (0%)
[  1] 20.0000-21.0000 sec  24.4 KBytes   200 Kbits/sec   0.030 ms 0/17 (0%)
[  1] 21.0000-22.0000 sec  24.4 KBytes   200 Kbits/sec   0.025 ms 0/17 (0%)
[  1] 22.0000-23.0000 sec  24.4 KBytes   200 Kbits/sec   0.022 ms 0/17 (0%)
[  1] 23.0000-24.0000 sec  24.4 KBytes   200 Kbits/sec   0.026 ms 0/17 (0%)
[  1] 24.0000-25.0000 sec  24.4 KBytes   200 Kbits/sec   0.025 ms 0/17 (0%)
[  1] 25.0000-26.0000 sec  24.4 KBytes   200 Kbits/sec   0.031 ms 0/17 (0%)
[  1] 26.0000-27.0000 sec  24.4 KBytes   200 Kbits/sec   0.031 ms 0/17 (0%)
[  1] 27.0000-28.0000 sec  24.4 KBytes   200 Kbits/sec   0.031 ms 0/17 (0%)
[  1] 28.0000-29.0000 sec  24.4 KBytes   200 Kbits/sec   0.030 ms 0/17 (0%)
[  1] 29.0000-30.0000 sec  24.4 KBytes   200 Kbits/sec   0.036 ms 0/17 (0%)
[  1] 30.0000-31.0000 sec  24.4 KBytes   200 Kbits/sec   0.036 ms 0/17 (0%)
[  1] 31.0000-32.0000 sec  24.4 KBytes   200 Kbits/sec   0.058 ms 0/17 (0%)
[  1] 32.0000-33.0000 sec  24.4 KBytes   200 Kbits/sec   0.052 ms 0/17 (0%)
[  1] 33.0000-34.0000 sec  24.4 KBytes   200 Kbits/sec   0.036 ms 0/17 (0%)
[  1] 34.0000-35.0000 sec  24.4 KBytes   200 Kbits/sec   0.027 ms 0/17 (0%)
[  1] 35.0000-36.0000 sec  24.4 KBytes   200 Kbits/sec   0.029 ms 0/17 (0%)
[  1] 36.0000-37.0000 sec  24.4 KBytes   200 Kbits/sec   0.031 ms 0/17 (0%)
[  1] 37.0000-38.0000 sec  24.4 KBytes   200 Kbits/sec   0.029 ms 0/17 (0%)
[  1] 38.0000-39.0000 sec  24.4 KBytes   200 Kbits/sec   0.032 ms 0/17 (0%)
[  1] 39.0000-40.0000 sec  24.4 KBytes   200 Kbits/sec   0.030 ms 0/17 (0%)
[  1] 40.0000-41.0000 sec  24.4 KBytes   200 Kbits/sec   0.024 ms 0/17 (0%)
[  1] 41.0000-42.0000 sec  24.4 KBytes   200 Kbits/sec   0.024 ms 0/17 (0%)
[  1] 42.0000-43.0000 sec  24.4 KBytes   200 Kbits/sec   0.026 ms 0/17 (0%)
[  1] 43.0000-44.0000 sec  24.4 KBytes   200 Kbits/sec   0.031 ms 0/17 (0%)
[  1] 44.0000-45.0000 sec  24.4 KBytes   200 Kbits/sec   0.034 ms 0/17 (0%)
[  1] 45.0000-46.0000 sec  24.4 KBytes   200 Kbits/sec   0.036 ms 0/17 (0%)
[  1] 46.0000-47.0000 sec  24.4 KBytes   200 Kbits/sec   0.026 ms 0/17 (0%)
[  1] 47.0000-48.0000 sec  24.4 KBytes   200 Kbits/sec   0.024 ms 0/17 (0%)
[  1] 48.0000-49.0000 sec  24.4 KBytes   200 Kbits/sec   0.020 ms 0/17 (0%)
[  1] 49.0000-50.0000 sec  24.4 KBytes   200 Kbits/sec   0.024 ms 0/17 (0%)
[  1] 50.0000-51.0000 sec  24.4 KBytes   200 Kbits/sec   0.021 ms 0/17 (0%)
[  1] 51.0000-52.0000 sec  24.4 KBytes   200 Kbits/sec   0.019 ms 0/17 (0%)
[  1] 52.0000-53.0000 sec  24.4 KBytes   200 Kbits/sec   0.017 ms 0/17 (0%)
[  1] 53.0000-54.0000 sec  24.4 KBytes   200 Kbits/sec   0.017 ms 0/17 (0%)
[  1] 54.0000-55.0000 sec  24.4 KBytes   200 Kbits/sec   0.020 ms 0/17 (0%)
[  1] 55.0000-56.0000 sec  24.4 KBytes   200 Kbits/sec   0.023 ms 0/17 (0%)
[  1] 56.0000-57.0000 sec  24.4 KBytes   200 Kbits/sec   0.019 ms 0/17 (0%)
[  1] 57.0000-58.0000 sec  24.4 KBytes   200 Kbits/sec   0.022 ms 0/17 (0%)
[  1] 58.0000-59.0000 sec  24.4 KBytes   200 Kbits/sec   0.028 ms 0/17 (0%)
[  1] 59.0000-60.0000 sec  24.4 KBytes   200 Kbits/sec   0.030 ms 0/17 (0%)
[  1] 60.0000-61.0000 sec  24.4 KBytes   200 Kbits/sec   0.056 ms 0/17 (0%)
[  1] 61.0000-62.0000 sec  24.4 KBytes   200 Kbits/sec   0.028 ms 0/17 (0%)
[  1] 62.0000-63.0000 sec  24.4 KBytes   200 Kbits/sec   0.023 ms 0/17 (0%)
[  1] 63.0000-64.0000 sec  24.4 KBytes   200 Kbits/sec   0.025 ms 0/17 (0%)
[  1] 64.0000-65.0000 sec  24.4 KBytes   200 Kbits/sec   0.025 ms 0/17 (0%)
[  1] 65.0000-66.0000 sec  24.4 KBytes   200 Kbits/sec   0.024 ms 0/17 (0%)
[  1] 66.0000-67.0000 sec  24.4 KBytes   200 Kbits/sec   0.021 ms 0/17 (0%)
[  1] 67.0000-68.0000 sec  24.4 KBytes   200 Kbits/sec   0.021 ms 0/17 (0%)
[  1] 68.0000-69.0000 sec  24.4 KBytes   200 Kbits/sec   0.023 ms 0/17 (0%)
[  1] 69.0000-70.0000 sec  24.4 KBytes   200 Kbits/sec   0.033 ms 0/17 (0%)
[  1] 70.0000-71.0000 sec  24.4 KBytes   200 Kbits/sec   0.021 ms 0/17 (0%)
[  1] 71.0000-72.0000 sec  24.4 KBytes   200 Kbits/sec   0.019 ms 0/17 (0%)
[  1] 72.0000-73.0000 sec  24.4 KBytes   200 Kbits/sec   0.018 ms 0/17 (0%)
[  1] 73.0000-74.0000 sec  24.4 KBytes   200 Kbits/sec   0.022 ms 0/17 (0%)
[  1] 74.0000-75.0000 sec  24.4 KBytes   200 Kbits/sec   0.018 ms 0/17 (0%)
[  1] 75.0000-76.0000 sec  24.4 KBytes   200 Kbits/sec   0.020 ms 0/17 (0%)
[  1] 76.0000-77.0000 sec  24.4 KBytes   200 Kbits/sec   0.028 ms 0/17 (0%)
[  1] 77.0000-78.0000 sec  24.4 KBytes   200 Kbits/sec   0.024 ms 0/17 (0%)
[  1] 78.0000-79.0000 sec  24.4 KBytes   200 Kbits/sec   0.018 ms 0/17 (0%)
[  1] 79.0000-80.0000 sec  24.4 KBytes   200 Kbits/sec   0.019 ms 0/17 (0%)
[  1] 80.0000-81.0000 sec  24.4 KBytes   200 Kbits/sec   0.021 ms 0/17 (0%)
[  1] 81.0000-82.0000 sec  24.4 KBytes   200 Kbits/sec   0.030 ms 0/17 (0%)
[  1] 82.0000-83.0000 sec  24.4 KBytes   200 Kbits/sec   0.028 ms 0/17 (0%)
[  1] 83.0000-84.0000 sec  24.4 KBytes   200 Kbits/sec   0.024 ms 0/17 (0%)
[  1] 84.0000-85.0000 sec  24.4 KBytes   200 Kbits/sec   0.016 ms 0/17 (0%)
[  1] 85.0000-86.0000 sec  24.4 KBytes   200 Kbits/sec   0.021 ms 0/17 (0%)
[  1] 86.0000-87.0000 sec  24.4 KBytes   200 Kbits/sec   0.033 ms 0/17 (0%)
[  1] 87.0000-88.0000 sec  24.4 KBytes   200 Kbits/sec   0.041 ms 0/17 (0%)
[  1] 88.0000-89.0000 sec  24.4 KBytes   200 Kbits/sec   0.050 ms 0/17 (0%)
[  1] 89.0000-90.0000 sec  24.4 KBytes   200 Kbits/sec   0.046 ms 0/17 (0%)
[  1] 90.0000-91.0000 sec  24.4 KBytes   200 Kbits/sec   0.049 ms 0/17 (0%)
[  1] 91.0000-92.0000 sec  24.4 KBytes   200 Kbits/sec   0.062 ms 0/17 (0%)
[  1] 92.0000-93.0000 sec  24.4 KBytes   200 Kbits/sec   0.061 ms 0/17 (0%)
[  1] 93.0000-94.0000 sec  24.4 KBytes   200 Kbits/sec   0.048 ms 0/17 (0%)
[  1] 94.0000-95.0000 sec  24.4 KBytes   200 Kbits/sec   0.058 ms 0/17 (0%)
[  1] 95.0000-96.0000 sec  24.4 KBytes   200 Kbits/sec   0.062 ms 0/17 (0%)
[  1] 96.0000-97.0000 sec  24.4 KBytes   200 Kbits/sec   0.059 ms 0/17 (0%)
[  1] 97.0000-98.0000 sec  24.4 KBytes   200 Kbits/sec   0.061 ms 0/17 (0%)
[  1] 98.0000-99.0000 sec  24.4 KBytes   200 Kbits/sec   0.055 ms 0/17 (0%)
[  1] 99.0000-100.0000 sec  24.4 KBytes   200 Kbits/sec   0.090 ms 0/17 (0%)
[  1] 100.0000-101.0000 sec  24.4 KBytes   200 Kbits/sec   0.105 ms 0/17 (0%)
[  1] 101.0000-102.0000 sec  24.4 KBytes   200 Kbits/sec   0.104 ms 0/17 (0%)
[  1] 102.0000-103.0000 sec  24.4 KBytes   200 Kbits/sec   0.069 ms 0/17 (0%)
[  1] 103.0000-104.0000 sec  24.4 KBytes   200 Kbits/sec   0.103 ms 0/17 (0%)
[  1] 104.0000-105.0000 sec  24.4 KBytes   200 Kbits/sec   0.117 ms 0/17 (0%)
[  1] 105.0000-106.0000 sec  24.4 KBytes   200 Kbits/sec   0.088 ms 0/17 (0%)
[  1] 106.0000-107.0000 sec  24.4 KBytes   200 Kbits/sec   0.059 ms 0/17 (0%)
[  1] 107.0000-108.0000 sec  24.4 KBytes   200 Kbits/sec   0.108 ms 0/17 (0%)
[  1] 108.0000-109.0000 sec  24.4 KBytes   200 Kbits/sec   0.090 ms 0/17 (0%)
[  1] 109.0000-110.0000 sec  24.4 KBytes   200 Kbits/sec   0.054 ms 0/17 (0%)
[  1] 110.0000-111.0000 sec  24.4 KBytes   200 Kbits/sec   0.066 ms 0/17 (0%)
[  1] 111.0000-112.0000 sec  24.4 KBytes   200 Kbits/sec   0.071 ms 0/17 (0%)
[  1] 112.0000-113.0000 sec  24.4 KBytes   200 Kbits/sec   0.087 ms 0/17 (0%)
[  1] 113.0000-114.0000 sec  24.4 KBytes   200 Kbits/sec   0.091 ms 0/17 (0%)
[  1] 114.0000-115.0000 sec  24.4 KBytes   200 Kbits/sec   0.076 ms 0/17 (0%)
[  1] 115.0000-116.0000 sec  24.4 KBytes   200 Kbits/sec   0.084 ms 0/17 (0%)
[  1] 116.0000-117.0000 sec  24.4 KBytes   200 Kbits/sec   0.123 ms 0/17 (0%)
[  1] 117.0000-118.0000 sec  24.4 KBytes   200 Kbits/sec   0.102 ms 0/17 (0%)
[  1] 118.0000-119.0000 sec  24.4 KBytes   200 Kbits/sec   0.072 ms 0/17 (0%)
[  1] 119.0000-120.0000 sec  24.4 KBytes   200 Kbits/sec   0.104 ms 0/17 (0%)
[  1] 0.0000-120.0703 sec  2.87 MBytes   200 Kbits/sec   0.042 ms 0/2044 (0%)
