------------------------------------------------------------
Server listening on UDP port 9999
UDP buffer size:  208 KByte (default)
------------------------------------------------------------
[  1] local 10.0.0.254 port 9999 connected with 10.0.0.1 port 44501
[ ID] Interval       Transfer     Bandwidth        Jitter   Lost/Total Datagrams
[  1] 0.0000-1.0000 sec  27.3 KBytes   223 Kbits/sec   0.077 ms 0/19 (0%)
[  1] 1.0000-2.0000 sec  24.4 KBytes   200 Kbits/sec   0.045 ms 0/17 (0%)
[  1] 2.0000-3.0000 sec  25.8 KBytes   212 Kbits/sec   0.046 ms 0/18 (0%)
[  1] 3.0000-4.0000 sec  24.4 KBytes   200 Kbits/sec   0.034 ms 0/17 (0%)
[  1] 4.0000-5.0000 sec  25.8 KBytes   212 Kbits/sec   0.037 ms 0/18 (0%)
[  1] 5.0000-6.0000 sec  24.4 KBytes   200 Kbits/sec   0.035 ms 0/17 (0%)
[  1] 6.0000-7.0000 sec  24.4 KBytes   200 Kbits/sec   0.030 ms 0/17 (0%)
[  1] 7.0000-8.0000 sec  25.8 KBytes   212 Kbits/sec   0.043 ms 0/18 (0%)
[  1] 8.0000-9.0000 sec  24.4 KBytes   200 Kbits/sec   0.026 ms 0/17 (0%)
[  1] 9.0000-10.0000 sec  25.8 KBytes   212 Kbits/sec   0.036 ms 0/18 (0%)
[  1] 10.0000-11.0000 sec  24.4 KBytes   200 Kbits/sec   0.035 ms 0/17 (0%)
[  1] 11.0000-12.0000 sec  24.4 KBytes   200 Kbits/sec   0.036 ms 0/17 (0%)
[  1] 12.0000-13.0000 sec  25.8 KBytes   212 Kbits/sec   0.032 ms 0/18 (0%)
[  1] 13.0000-14.0000 sec  24.4 KBytes   200 Kbits/sec   0.032 ms 0/17 (0%)
[  1] 14.0000-15.0000 sec  25.8 KBytes   212 Kbits/sec   0.022 ms 0/18 (0%)
[  1] 15.0000-16.0000 sec  24.4 KBytes   200 Kbits/sec   0.024 ms 0/17 (0%)
[  1] 16.0000-17.0000 sec  25.8 KBytes   212 Kbits/sec   0.033 ms 0/18 (0%)
[  1] 17.0000-18.0000 sec  24.4 KBytes   200 Kbits/sec   0.028 ms 0/17 (0%)
[  1] 18.0000-19.0000 sec  24.4 KBytes   200 Kbits/sec   0.020 ms 0/17 (0%)
[  1] 19.0000-20.0000 sec  25.8 KBytes   212 Kbits/sec   0.029 ms 0/18 (0%)
[  1] 20.0000-21.0000 sec  24.4 KBytes   200 Kbits/sec   0.029 ms 0/17 (0%)
[  1] 21.0000-22.0000 sec  25.8 KBytes   212 Kbits/sec   0.023 ms 0/18 (0%)
[  1] 22.0000-23.0000 sec  24.4 KBytes   200 Kbits/sec   0.023 ms 0/17 (0%)
[  1] 23.0000-24.0000 sec  24.4 KBytes   200 Kbits/sec   0.026 ms 0/17 (0%)
[  1] 24.0000-25.0000 sec  25.8 KBytes   212 Kbits/sec   0.030 ms 0/18 (0%)
[  1] 25.0000-26.0000 sec  24.4 KBytes   200 Kbits/sec   0.029 ms 0/17 (0%)
[  1] 26.0000-27.0000 sec  25.8 KBytes   212 Kbits/sec   0.030 ms 0/18 (0%)
[  1] 27.0000-28.0000 sec  24.4 KBytes   200 Kbits/sec   0.031 ms 0/17 (0%)
[  1] 28.0000-29.0000 sec  25.8 KBytes   212 Kbits/sec   0.041 ms 0/18 (0%)
[  1] 29.0000-30.0000 sec  24.4 KBytes   200 Kbits/sec   0.035 ms 0/17 (0%)
[  1] 30.0000-31.0000 sec  24.4 KBytes   200 Kbits/sec   0.056 ms 0/17 (0%)
[  1] 31.0000-32.0000 sec  25.8 KBytes   212 Kbits/sec   0.091 ms 0/18 (0%)
[  1] 32.0000-33.0000 sec  24.4 KBytes   200 Kbits/sec   0.067 ms 0/17 (0%)
[  1] 33.0000-34.0000 sec  25.8 KBytes   212 Kbits/sec   0.052 ms 0/18 (0%)
[  1] 34.0000-35.0000 sec  24.4 KBytes   200 Kbits/sec   0.073 ms 0/17 (0%)
[  1] 35.0000-36.0000 sec  24.4 KBytes   200 Kbits/sec   0.060 ms 0/17 (0%)
[  1] 36.0000-37.0000 sec  25.8 KBytes   212 Kbits/sec   0.061 ms 0/18 (0%)
[  1] 37.0000-38.0000 sec  24.4 KBytes   200 Kbits/sec   0.056 ms 0/17 (0%)
[  1] 38.0000-39.0000 sec  25.8 KBytes   212 Kbits/sec   0.066 ms 0/18 (0%)
[  1] 39.0000-40.0000 sec  24.4 KBytes   200 Kbits/sec   0.052 ms 0/17 (0%)
[  1] 40.0000-41.0000 sec  25.8 KBytes   212 Kbits/sec   0.043 ms 0/18 (0%)
[  1] 41.0000-42.0000 sec  24.4 KBytes   200 Kbits/sec   0.108 ms 0/17 (0%)
[  1] 42.0000-43.0000 sec  24.4 KBytes   200 Kbits/sec   0.125 ms 0/17 (0%)
[  1] 43.0000-44.0000 sec  25.8 KBytes   212 Kbits/sec   0.147 ms 0/18 (0%)
[  1] 44.0000-45.0000 sec  24.4 KBytes   200 Kbits/sec   0.131 ms 0/17 (0%)
[  1] 45.0000-46.0000 sec  25.8 KBytes   212 Kbits/sec   0.117 ms 0/18 (0%)
[  1] 46.0000-47.0000 sec  24.4 KBytes   200 Kbits/sec   0.090 ms 0/17 (0%)
[  1] 47.0000-48.0000 sec  24.4 KBytes   200 Kbits/sec   0.111 ms 0/17 (0%)
[  1] 48.0000-49.0000 sec  25.8 KBytes   212 Kbits/sec   0.113 ms 0/18 (0%)
[  1] 49.0000-50.0000 sec  24.4 KBytes   200 Kbits/sec   0.113 ms 0/17 (0%)
[  1] 50.0000-51.0000 sec  25.8 KBytes   212 Kbits/sec   0.112 ms 0/18 (0%)
[  1] 51.0000-52.0000 sec  24.4 KBytes   200 Kbits/sec   0.106 ms 0/17 (0%)
[  1] 52.0000-53.0000 sec  24.4 KBytes   200 Kbits/sec   0.108 ms 0/17 (0%)
[  1] 53.0000-54.0000 sec  25.8 KBytes   212 Kbits/sec   0.121 ms 0/18 (0%)
[  1] 54.0000-55.0000 sec  24.4 KBytes   200 Kbits/sec   0.117 ms 0/17 (0%)
[  1] 55.0000-56.0000 sec  25.8 KBytes   212 Kbits/sec   0.106 ms 0/18 (0%)
[  1] 56.0000-57.0000 sec  24.4 KBytes   200 Kbits/sec   0.098 ms 0/17 (0%)
[  1] 57.0000-58.0000 sec  25.8 KBytes   212 Kbits/sec   0.082 ms 0/18 (0%)
[  1] 58.0000-59.0000 sec  24.4 KBytes   200 Kbits/sec   0.076 ms 0/17 (0%)
[  1] 59.0000-60.0000 sec  24.4 KBytes   200 Kbits/sec   0.087 ms 0/17 (0%)
[  1] 60.0000-61.0000 sec  25.8 KBytes   212 Kbits/sec   0.074 ms 0/18 (0%)
[  1] 61.0000-62.0000 sec  24.4 KBytes   200 Kbits/sec   0.091 ms 0/17 (0%)
[  1] 62.0000-63.0000 sec  25.8 KBytes   212 Kbits/sec   0.118 ms 0/18 (0%)
[  1] 63.0000-64.0000 sec  24.4 KBytes   200 Kbits/sec   0.098 ms 0/17 (0%)
[  1] 64.0000-65.0000 sec  24.4 KBytes   200 Kbits/sec   0.086 ms 0/17 (0%)
[  1] 65.0000-66.0000 sec  25.8 KBytes   212 Kbits/sec   0.120 ms 0/18 (0%)
[  1] 66.0000-67.0000 sec  24.4 KBytes   200 Kbits/sec   0.089 ms 0/17 (0%)
[  1] 67.0000-68.0000 sec  25.8 KBytes   212 Kbits/sec   0.098 ms 0/18 (0%)
[  1] 68.0000-69.0000 sec  24.4 KBytes   200 Kbits/sec   0.101 ms 0/17 (0%)
[  1] 69.0000-70.0000 sec  25.8 KBytes   212 Kbits/sec   0.071 ms 0/18 (0%)
[  1] 70.0000-71.0000 sec  24.4 KBytes   200 Kbits/sec   0.096 ms 0/17 (0%)
[  1] 71.0000-72.0000 sec  24.4 KBytes   200 Kbits/sec   0.083 ms 0/17 (0%)
[  1] 72.0000-73.0000 sec  25.8 KBytes   212 Kbits/sec   0.086 ms 0/18 (0%)
[  1] 73.0000-74.0000 sec  24.4 KBytes   200 Kbits/sec   0.075 ms 0/17 (0%)
[  1] 74.0000-75.0000 sec  25.8 KBytes   212 Kbits/sec   0.103 ms 0/18 (0%)
[  1] 75.0000-76.0000 sec  24.4 KBytes   200 Kbits/sec   0.102 ms 0/17 (0%)
[  1] 76.0000-77.0000 sec  24.4 KBytes   200 Kbits/sec   0.096 ms 0/17 (0%)
[  1] 77.0000-78.0000 sec  25.8 KBytes   212 Kbits/sec   0.090 ms 0/18 (0%)
[  1] 78.0000-79.0000 sec  24.4 KBytes   200 Kbits/sec   0.074 ms 0/17 (0%)
[  1] 79.0000-80.0000 sec  25.8 KBytes   212 Kbits/sec   0.083 ms 0/18 (0%)
[  1] 0.0000-80.1041 sec  1.96 MBytes   205 Kbits/sec   0.070 ms 0/1397 (0%)
